// Jest Snapshot v1, https://goo.gl/fbAQLP

exports[`<PageContent/> should match to snapshot 1`] = `
<div>
  <div
    class="css-j506mb"
  >
    <div
      class="css-0"
    >
      <p
        class="chakra-text css-c4euvy"
      >
        text placeholder
      </p>
    </div>
    <div
      class="chakra-stack css-ez4v9i"
    >
      <div
        class="css-0"
      >
        <p
          class="chakra-text css-k2gyu4"
        >
          egito
        </p>
        <div
          class="chakra-stack css-84zodg"
        >
          <p
            class="chakra-text css-z9fjiz"
          >
            pa√≠ses
          </p>
          <span />
        </div>
      </div>
      <div
        class="css-0"
      >
        <p
          class="chakra-text css-k2gyu4"
        >
          5
        </p>
        <div
          class="chakra-stack css-84zodg"
        >
          <p
            class="chakra-text css-z9fjiz"
          >
            idiomas
          </p>
          <span>
            <span>
              <svg
                aria-hidden="true"
                color="#47585B"
                fill="none"
                height="1em"
                stroke="currentColor"
                stroke-width="2"
                style="color: rgb(71, 88, 91);"
                viewBox="0 0 24 24"
                width="1em"
                xmlns="http://www.w3.org/2000/svg"
              >
                <path
                  d="M13 16h-1v-4h-1m1-4h.01M21 12a9 9 0 11-18 0 9 9 0 0118 0z"
                  stroke-linecap="round"
                  stroke-linejoin="round"
                />
              </svg>
            </span>
          </span>
        </div>
      </div>
      <div
        class="css-0"
      >
        <p
          class="chakra-text css-k2gyu4"
        >
          cairo
        </p>
        <div
          class="chakra-stack css-84zodg"
        >
          <p
            class="chakra-text css-z9fjiz"
          >
            cidades +100
          </p>
          <span>
            <span>
              <svg
                aria-hidden="true"
                color="#47585B"
                fill="none"
                height="1em"
                stroke="currentColor"
                stroke-width="2"
                style="color: rgb(71, 88, 91);"
                viewBox="0 0 24 24"
                width="1em"
                xmlns="http://www.w3.org/2000/svg"
              >
                <path
                  d="M13 16h-1v-4h-1m1-4h.01M21 12a9 9 0 11-18 0 9 9 0 0118 0z"
                  stroke-linecap="round"
                  stroke-linejoin="round"
                />
              </svg>
            </span>
          </span>
        </div>
      </div>
    </div>
  </div>
  <span
    hidden=""
    id="__chakra_env"
  />
</div>
`;
