// Jest Snapshot v1, https://goo.gl/fbAQLP

exports[`< Menu/> should  match to snapshot 1`] = `
<div>
  <button
    aria-controls="menu"
    aria-expanded="true"
    aria-hidden="true"
    aria-label="open menu"
    class="chakra-button css-1opyrxp"
    name="menu"
    type="button"
  >
    <svg
      aria-hidden="true"
      fill="currentColor"
      focusable="false"
      height="1em"
      stroke="currentColor"
      stroke-width="0"
      viewBox="0 0 512 512"
      width="1em"
      xmlns="http://www.w3.org/2000/svg"
    >
      <path
        d="M64 384h384v-42.666H64V384zm0-106.666h384v-42.667H64v42.667zM64 128v42.665h384V128H64z"
      />
    </svg>
  </button>
  <span
    hidden=""
    id="__chakra_env"
  />
</div>
`;
