// Jest Snapshot v1, https://goo.gl/fbAQLP

exports[`<BannerContinent/> should BannerContinent match to snapshot  1`] = `
<div
  class="css-rdxw7m"
>
  <h2
    class="chakra-heading css-1in2q97"
  >
    Lua
  </h2>
</div>
`;
